// Jest Snapshot v1, https://goo.gl/fbAQLP

exports[`Select should match the snapshot 1`] = `
<select
  className="sc-bdVaJa jxhoIt"
/>
`;
