// Jest Snapshot v1, https://goo.gl/fbAQLP

exports[`ActionListLabel should be match the snapshot 1`] = `
<ActionListLabel__StyledLabelWrapper>
  <ActionListLabel__StyledHeading />
  <ActionListLabel__StyledParagraph />
</ActionListLabel__StyledLabelWrapper>
`;
