// Jest Snapshot v1, https://goo.gl/fbAQLP

exports[`ThemeProvider should match the snapshot 1`] = `<ThemeProvider />`;
