// Jest Snapshot v1, https://goo.gl/fbAQLP

exports[`RightSection should match the snapshot 1`] = `
<styled.div>
  <Label />
  <Button
    background="#0247fe"
    fullWidth={false}
    label="odhlÃ¡sit se"
  />
</styled.div>
`;
