// Jest Snapshot v1, https://goo.gl/fbAQLP

exports[`CheckTableBody should match the snapshot 1`] = `<tbody />`;

exports[`CheckTableBody should match the snapshot with data 1`] = `<tbody />`;
