// Jest Snapshot v1, https://goo.gl/fbAQLP

exports[`Toolbar should match the snapshot 1`] = `
<Toolbar__StyledToolbar
  primary={false}
>
  <BurgerButton
    primary={false}
  />
</Toolbar__StyledToolbar>
`;
