// Jest Snapshot v1, https://goo.gl/fbAQLP

exports[`AutocompleteInput should match the snapshot 1`] = `<styled.input />`;

exports[`AutocompleteInput should match the snapshot with value 1`] = `
<styled.input
  value="mock"
/>
`;
