// Jest Snapshot v1, https://goo.gl/fbAQLP

exports[`Tooltip should match the snapshot 1`] = `
<Tooltip__StyledTooltip>
  <Tooltip__StyledTooltipText />
</Tooltip__StyledTooltip>
`;
