// Jest Snapshot v1, https://goo.gl/fbAQLP

exports[`Toolbar should match the snapshot 1`] = `
<Toolbar__StyledToolbar
  primary={false}
>
  <Toolbar__StyledToolbarNavigation>
    <DrawerToggleButton
      mobileVersion={true}
      primary={false}
    />
    <Toolbar__StyledLogoWrapper
      primary={false}
    />
    <Toolbar__StyledNavigationItemWrapper
      primary={false}
    />
  </Toolbar__StyledToolbarNavigation>
</Toolbar__StyledToolbar>
`;
