// Jest Snapshot v1, https://goo.gl/fbAQLP

exports[`SearchField should match the snapshot 1`] = `
<styled.div>
  <Input
    borderBackground="transparent"
    type="text"
  />
</styled.div>
`;
