// Jest Snapshot v1, https://goo.gl/fbAQLP

exports[`Border should match the snapshot 1`] = `
<styled.div
  color="#9a0794"
  leftPosition={-Infinity}
  percentage={Infinity}
/>
`;
