// Jest Snapshot v1, https://goo.gl/fbAQLP

exports[`AutocompleteInput should match the snapshot 1`] = `<Input__StyledInput />`;

exports[`AutocompleteInput should match the snapshot with value 1`] = `
<Input__StyledInput
  value="mock"
/>
`;
