// Jest Snapshot v1, https://goo.gl/fbAQLP

exports[`OverlayHeading should match the snapshot 1`] = `
<styled.div>
  <styled.div>
    <Heading
      component="h2"
    />
  </styled.div>
  <Styled(IoIosArrowThinLeft) />
</styled.div>
`;
