// Jest Snapshot v1, https://goo.gl/fbAQLP

exports[`Overlay should match the snapshot 1`] = `
<styled.div
  background="#ffffff"
  isOpen={false}
  verticalPosition="center"
>
  <styled.div>
    <styled.h2 />
    <Styled(styled.div) />
  </styled.div>
  <Styled(IoIosArrowThinLeft)
    backColor="#000000"
  />
</styled.div>
`;
