// Jest Snapshot v1, https://goo.gl/fbAQLP

exports[`Checkbox should match the snapshot 1`] = `
<styled.div
  horizontalAlign="flex-start"
  verticalAlign="flex-start"
>
  <Paper
    background="#ffffff"
    cursor="initial"
    margin="0"
    overflow="hidden"
    padding="10px"
    width="100%"
  />
</styled.div>
`;
