// Jest Snapshot v1, https://goo.gl/fbAQLP

exports[`Tab should match the snapshot 1`] = `<styled.ul />`;
