// Jest Snapshot v1, https://goo.gl/fbAQLP

exports[`Heading should match the snapshot 1`] = `
<styled.div>
  <h2 />
</styled.div>
`;
