// Jest Snapshot v1, https://goo.gl/fbAQLP

exports[`ActionList should be match the snapshot 1`] = `<List />`;
