// Jest Snapshot v1, https://goo.gl/fbAQLP

exports[`FieldLabel should match the snapshot 1`] = `
<FieldLabel__StyledSpan
  hasText={false}
/>
`;
