// Jest Snapshot v1, https://goo.gl/fbAQLP

exports[`Stepper should match the snapshot 1`] = `
<styled.div
  alignItems="center"
  flexDirection="column"
  height="100%"
  justifyContent="center"
  width="100%"
>
  <styled.ul />
</styled.div>
`;
