// Jest Snapshot v1, https://goo.gl/fbAQLP

exports[`Container should match the snapshot 1`] = `
<div
  className="sc-bdVaJa eTiPIB"
  height="100%"
  overflow="auto"
  width="100%"
/>
`;
